00:01.890  blend            | Read blend: "C:\Users\User\PROJECTS\jedi-arena\art\character\CH_GreyWarden_master.blend"
00:02.765  render           | Saved: 'C:\Users\User\PROJECTS\jedi-arena\art\character\review\02_blockout\clay_front.png'
00:02.859  render           | Saved: 'C:\Users\User\PROJECTS\jedi-arena\art\character\review\02_blockout\clay_side.png'
00:02.968  render           | Saved: 'C:\Users\User\PROJECTS\jedi-arena\art\character\review\02_blockout\clay_back.png'
00:03.062  render           | Saved: 'C:\Users\User\PROJECTS\jedi-arena\art\character\review\02_blockout\clay_threequarter.png'
00:03.172  render           | Saved: 'C:\Users\User\PROJECTS\jedi-arena\art\character\review\02_blockout\clay_ref.png'
00:03.218  render           | Saved: 'C:\Users\User\PROJECTS\jedi-arena\art\character\review\02_blockout\clay_gameplay_256px.png'
BlenderMCP: cannot start server in background mode (blender -b) - commands would never execute
BlenderMCP: run Blender with a GUI, or use a virtual display: xvfb-run -a blender
BlenderMCP addon registered
rendered C:\Users\User\PROJECTS\jedi-arena\art\character\review\02_blockout\clay_front.png
rendered C:\Users\User\PROJECTS\jedi-arena\art\character\review\02_blockout\clay_side.png
rendered C:\Users\User\PROJECTS\jedi-arena\art\character\review\02_blockout\clay_back.png
rendered C:\Users\User\PROJECTS\jedi-arena\art\character\review\02_blockout\clay_threequarter.png
rendered C:\Users\User\PROJECTS\jedi-arena\art\character\review\02_blockout\clay_ref.png
rendered C:\Users\User\PROJECTS\jedi-arena\art\character\review\02_blockout\clay_gameplay_256px.png
size x 0.818 y 0.503 z 1.800 m
BlenderMCP server stopped
BlenderMCP addon unregistered
Blender 5.2.1 LTS (hash 9e2066aef7ef built 2026-08-25 02:38:20)

Blender quit
