00:01.953  blend            | Read blend: "C:\Users\User\PROJECTS\jedi-arena\art\character\CH_GreyWarden_skinned.blend"
BlenderMCP: cannot start server in background mode (blender -b) - commands would never execute
BlenderMCP: run Blender with a GUI, or use a virtual display: xvfb-run -a blender
BlenderMCP addon registered
BAKING Cloth basecolor
00:02.266  cycles           | WARNING Image file C:\EnvSamplerTex does not exist.
00:02.266  cycles           | ERROR Failed to load 1 image files
Info: Baking map saved to internal image, save it externally or pack it
BAKING Cloth roughness
00:04.094  cycles           | WARNING Image file C:\EnvSamplerTex does not exist.
00:04.109  cycles           | ERROR Failed to load 1 image files
Info: Baking map saved to internal image, save it externally or pack it
BAKING Cloth metallic
00:07.578  cycles           | WARNING Image file C:\EnvSamplerTex does not exist.
00:07.578  cycles           | ERROR Failed to load 1 image files
Info: Baking map saved to internal image, save it externally or pack it
BAKING Cloth normal
00:09.078  cycles           | WARNING Image file C:\EnvSamplerTex does not exist.
00:09.094  cycles           | ERROR Failed to load 1 image files
Info: Baking map saved to internal image, save it externally or pack it
BAKING Cloth ao
00:12.328  cycles           | WARNING Image file C:\EnvSamplerTex does not exist.
00:12.328  cycles           | ERROR Failed to load 1 image files
Info: Baking map saved to internal image, save it externally or pack it
Info: Saved as "CH_GreyWarden_textured.blend"
BAKING Armor basecolor
00:17.578  cycles           | WARNING Image file C:\EnvSamplerTex does not exist.
00:17.625  cycles           | ERROR Failed to load 1 image files
Info: Baking map saved to internal image, save it externally or pack it
BAKING Armor roughness
00:19.156  cycles           | WARNING Image file C:\EnvSamplerTex does not exist.
00:19.203  cycles           | ERROR Failed to load 1 image files
Info: Baking map saved to internal image, save it externally or pack it
BAKING Armor metallic
00:21.250  cycles           | WARNING Image file C:\EnvSamplerTex does not exist.
00:21.297  cycles           | ERROR Failed to load 1 image files
Info: Baking map saved to internal image, save it externally or pack it
BAKING Armor normal
00:22.781  cycles           | WARNING Image file C:\EnvSamplerTex does not exist.
00:22.828  cycles           | ERROR Failed to load 1 image files
Info: Baking map saved to internal image, save it externally or pack it
BAKING Armor ao
00:24.438  cycles           | WARNING Image file C:\EnvSamplerTex does not exist.
00:24.484  cycles           | ERROR Failed to load 1 image files
Info: Baking map saved to internal image, save it externally or pack it
Info: Saved as "CH_GreyWarden_textured.blend"
BAKING Leather basecolor
00:27.688  cycles           | WARNING Image file C:\EnvSamplerTex does not exist.
00:27.734  cycles           | ERROR Failed to load 1 image files
Info: Baking map saved to internal image, save it externally or pack it
BAKING Leather roughness
00:29.500  cycles           | WARNING Image file C:\EnvSamplerTex does not exist.
00:29.547  cycles           | ERROR Failed to load 1 image files
Info: Baking map saved to internal image, save it externally or pack it
BAKING Leather metallic
00:32.547  cycles           | WARNING Image file C:\EnvSamplerTex does not exist.
00:32.594  cycles           | ERROR Failed to load 1 image files
Info: Baking map saved to internal image, save it externally or pack it
BAKING Leather normal
00:34.047  cycles           | WARNING Image file C:\EnvSamplerTex does not exist.
00:34.094  cycles           | ERROR Failed to load 1 image files
Info: Baking map saved to internal image, save it externally or pack it
BAKING Leather ao
00:36.766  cycles           | WARNING Image file C:\EnvSamplerTex does not exist.
00:36.813  cycles           | ERROR Failed to load 1 image files
Info: Baking map saved to internal image, save it externally or pack it
Info: Saved as "CH_GreyWarden_textured.blend"
BAKING Visor basecolor
00:41.688  cycles           | WARNING Image file C:\EnvSamplerTex does not exist.
00:41.734  cycles           | ERROR Failed to load 1 image files
Info: Baking map saved to internal image, save it externally or pack it
BAKING Visor roughness
00:44.406  cycles           | WARNING Image file C:\EnvSamplerTex does not exist.
00:44.453  cycles           | ERROR Failed to load 1 image files
Info: Baking map saved to internal image, save it externally or pack it
BAKING Visor metallic
00:50.234  cycles           | WARNING Image file C:\EnvSamplerTex does not exist.
00:50.297  cycles           | ERROR Failed to load 1 image files
Info: Baking map saved to internal image, save it externally or pack it
BAKING Visor normal
00:52.203  cycles           | WARNING Image file C:\EnvSamplerTex does not exist.
00:52.250  cycles           | ERROR Failed to load 1 image files
Info: Baking map saved to internal image, save it externally or pack it
BAKING Visor ao
00:53.625  cycles           | WARNING Image file C:\EnvSamplerTex does not exist.
00:53.672  cycles           | ERROR Failed to load 1 image files
Info: Baking map saved to internal image, save it externally or pack it
Info: Saved as "CH_GreyWarden_textured.blend"
BAKING_COMPLETE
BlenderMCP server stopped
BlenderMCP addon unregistered
Blender 5.2.1 LTS (hash 9e2066aef7ef built 2026-08-25 02:38:20)

Blender quit
